// Jest Snapshot v1, https://goo.gl/fbAQLP

exports[`CurrentWeatherDetail component Matches the snapshot 1`] = `
<div
  className="MuiGrid-root p-3 MuiGrid-container MuiGrid-direction-xs-column"
>
  <div
    className="MuiGrid-root MuiGrid-item"
  >
    <h6>
      CURRENT DETAIL
    </h6>
  </div>
  <div
    className="MuiGrid-root MuiGrid-container MuiGrid-item MuiGrid-grid-xs-12"
  >
    <div
      className="MuiGrid-root MuiGrid-item MuiGrid-grid-xs-1"
    />
    <div
      className="MuiGrid-root pl-4 MuiGrid-item MuiGrid-grid-xs-5"
    >
      Humidity
    </div>
    <div
      className="MuiGrid-root MuiGrid-item MuiGrid-grid-xs-1"
    />
    <div
      className="MuiGrid-root pl-4 MuiGrid-item MuiGrid-grid-xs-5"
    >
      56%
    </div>
  </div>
  <div
    className="MuiGrid-root MuiGrid-container MuiGrid-item MuiGrid-grid-xs-12"
  >
    <div
      className="MuiGrid-root MuiGrid-item MuiGrid-grid-xs-1"
    />
    <div
      className="MuiGrid-root pl-4 MuiGrid-item MuiGrid-grid-xs-5"
    >
      Wind
    </div>
    <div
      className="MuiGrid-root MuiGrid-item MuiGrid-grid-xs-1"
    />
    <div
      className="MuiGrid-root pl-4 MuiGrid-item MuiGrid-grid-xs-5"
    >
      15 meter/sec
    </div>
  </div>
  <div
    className="MuiGrid-root MuiGrid-container MuiGrid-item MuiGrid-grid-xs-12"
  >
    <div
      className="MuiGrid-root MuiGrid-item MuiGrid-grid-xs-1"
    />
    <div
      className="MuiGrid-root pl-4 MuiGrid-item MuiGrid-grid-xs-5"
    >
      Pressure
    </div>
    <div
      className="MuiGrid-root MuiGrid-item MuiGrid-grid-xs-1"
    />
    <div
      className="MuiGrid-root pl-4 MuiGrid-item MuiGrid-grid-xs-5"
    >
      110 hPa
    </div>
  </div>
</div>
`;
