// Jest Snapshot v1, https://goo.gl/fbAQLP

exports[`CurrentWeatherTemperature component Matches the snapshot 1`] = `
<div
  className="MuiGrid-root p-3 MuiGrid-container MuiGrid-direction-xs-column"
>
  <div
    className="MuiGrid-root MuiGrid-item MuiGrid-grid-xs-12"
  >
    <p
      className="sc-bwzfXH eLhiJr"
    >
      Queensland, Australia
    </p>
    <p
      className="sc-htpNat buCuQu"
    >
      Saturday, 23 Nov 2019
    </p>
    <p>
      MIN 
      27.48
      °C, MAX 
      27.48
      °C
    </p>
  </div>
  <div
    className="MuiGrid-root MuiGrid-container MuiGrid-item MuiGrid-direction-xs-column MuiGrid-align-items-xs-center MuiGrid-grid-xs-12"
  >
    <div
      className="MuiGrid-root MuiGrid-item"
    >
      <img
        alt="weather-icon"
        className="sc-bdVaJa cElyJo"
        size="big"
        src="http://openweathermap.org/img/wn/d10@2x.png"
      />
    </div>
    <div
      className="MuiGrid-root MuiGrid-item"
    >
      <p
        className="sc-bxivhb dPxHrp"
      >
        27.48
        °C
      </p>
    </div>
    <div
      className="MuiGrid-root MuiGrid-item"
    >
      <p>
        Clear
      </p>
    </div>
  </div>
</div>
`;
