// Jest Snapshot v1, https://goo.gl/fbAQLP

exports[`HourlyWeatherTemperature component Matches the snapshot 1`] = `
<div
  className="MuiGrid-root px-3 MuiGrid-container"
>
  <div
    className="MuiGrid-root MuiGrid-item"
  >
    <h6>
      24 HOURS FORCAST
    </h6>
  </div>
  <div
    className="MuiGrid-root MuiGrid-item"
  >
    <div
      className="sc-bwzfXH jSQtbV"
    >
      <div
        className="d-flex flex-column align-items-center mx-2"
      >
        <p>
          Invalid date
        </p>
        <img
          alt="weather-icon"
          className="sc-bdVaJa cNBob"
          src="http://openweathermap.org/img/wn/d10@2x.png"
        />
        <p>
          25.8Â°C
        </p>
      </div>
    </div>
  </div>
</div>
`;
